---
source: tests/rojo_test/syncback_util.rs
assertion_line: 48
expression: "visualize_fs_snapshot(&fs_snapshot, &output_path)"
---
added_files:
  - client-only.project.json
  - default.project.json
  - server-only.project.json
  - src/modules/ClientModule.luau
  - src/modules/ServerModule.luau
added_dirs:
  - src/modules
removed_files: []
removed_dirs: []
