---
source: tests/rojo_test/syncback_util.rs
assertion_line: 48
expression: "visualize_fs_snapshot(&fs_snapshot, &output_path)"
---
added_files:
  - "Workspace/Baseplate.model.json"
  - "Workspace/Terrain.rbxm"
  - default.project.json
added_dirs:
  - Workspace
removed_files: []
removed_dirs: []
