---
source: tests/rojo_test/syncback_util.rs
expression: "visualize_fs_snapshot(&fs_snapshot, &output_path)"
---
added_files:
  - default.project.json
  - src/Camera.rbxm
  - src/Terrain.rbxm
  - src/pointer.model.json
  - src/target.meta.json
  - src/target.txt
added_dirs:
  - src
removed_files: []
removed_dirs: []
