Key,Source,Context,Example,en
Rojo,Rojo,,Rojo is a really cool program,Red
