{
  "className": "StringValue",
  "properties": {
    "Value": "i understand how person299 felt"
  }
}