{
  "className": "Folder",
  "id": "test referent id"
}