{
  "className": "ObjectValue",
  "attributes": {
    "Rojo_Target_Value": "27fbd83abe5d90db0629ccfd00003f79"
  }
}