{
  "className": "BoolValue",
  "properties": {
    "Value": true
  },
  "attributes": {
    "Rojo_Id": "27fbd83abe5d90db0629ccfd00003f79"
  }
}