{
  "name": "attribute_mismatch",
  "tree": {
    "$className": "Folder",
    "$attributes": {
      "foo": "bar"
    }
  }
}