{
  "name": "project_reserialize",
  "tree": {
    "$className": "DataModel",
    "Workspace": {
      "$properties": {
        "CSGAsyncDynamicCollision": {
          "Enum": 0
        },
        "DecreaseMinimumPartDensityMode": {
          "Enum": 0
        },
        "StreamingEnabled": true
      },
      "$attributes": {
        "Rojo_Target_CurrentCamera": "6d6ae1d713c82fae0620aa1300000375"
      }
    }
  }
}