{
  "name": "property_mismatch",
  "tree": {
    "$className": "StringValue",
    "$properties": {
      "Value": "apple dinner use transaction haunt"
    }
  }
}