shout out to the brown bug anthology in person299's admin commands