{
  "name": "respect_old_middleware",
  "tree": {
    "$className": "DataModel",
    "Workspace": {
      "$properties": {
        "CSGAsyncDynamicCollision": {
          "Enum": 0
        },
        "DecreaseMinimumPartDensityMode": {
          "Enum": 0
        },
        "StreamingEnabled": true
      },
      "$path": "Workspace"
    }
  },
  "syncbackRules": {
    "ignoreReferents": true
  }
}