{
  "className": "IntValue",
  "properties": {
    "Value": 1337.0
  }
}