{
  "className": "StringValue",
  "properties": {
    "Value": "culture glimpse stay chief onion"
  }
}