{
  "name": "project_json",
  "tree": {
    "$className": "Color3Value",
    "$properties": {
      "Value": [
        1,
        0.5,
        0
      ]
    }
  }
}