{
  "name": "ignore_trees",
  "tree": {
    "$className": "DataModel",
    "ReplicatedStorage": {
      "$path": "src"
    }
  },
  "syncbackRules": {
    "ignoreTrees": [
      "ReplicatedStorage/IgnoreMe"
    ]
  }
}